// Jest Snapshot v1, https://goo.gl/fbAQLP

exports[`UserProfileImage basic example 1`] = `
.c0 {
  max-height: 100px;
  max-width: 100px;
  margin-right: 16px;
  display: -webkit-box;
  display: -webkit-flex;
  display: -ms-flexbox;
  display: flex;
  -webkit-box-pack: center;
  -webkit-justify-content: center;
  -ms-flex-pack: center;
  justify-content: center;
  -webkit-align-items: center;
  -webkit-box-align: center;
  -ms-flex-align: center;
  align-items: center;
}

<div
  className="c0"
>
  <div
    className="MuiAvatar-root WithStyles(ForwardRef(Avatar))-root-1 MuiAvatar-circle MuiAvatar-colorDefault"
  >
    <svg
      aria-hidden={true}
      className="MuiSvgIcon-root AccountCircleIcon-root-2"
      focusable="false"
      viewBox="0 0 24 24"
    >
      <path
        d="M12 2C6.48 2 2 6.48 2 12s4.48 10 10 10 10-4.48 10-10S17.52 2 12 2zm0 3c1.66 0 3 1.34 3 3s-1.34 3-3 3-3-1.34-3-3 1.34-3 3-3zm0 14.2c-2.5 0-4.71-1.28-6-3.22.03-1.99 4-3.08 6-3.08 1.99 0 5.97 1.09 6 3.08-1.29 1.94-3.5 3.22-6 3.22z"
      />
    </svg>
  </div>
</div>
`;
