// Jest Snapshot v1, https://goo.gl/fbAQLP

exports[`LastReviewList basic example 1`] = `null`;
