// Jest Snapshot v1, https://goo.gl/fbAQLP

exports[`UserIntro basic example 1`] = `
.c0 {
  display: -webkit-box;
  display: -webkit-flex;
  display: -ms-flexbox;
  display: flex;
  -webkit-align-items: center;
  -webkit-box-align: center;
  -ms-flex-align: center;
  align-items: center;
  margin-bottom: 8px;
}

<div
  className="MuiPaper-root MuiCard-root MuiPaper-outlined MuiPaper-rounded"
>
  <div
    className="MuiCardContent-root"
  >
    <h5
      className="MuiTypography-root WithStyles(ForwardRef(Typography))-root-1 MuiTypography-h5"
    >
      component.user-intro.title
    </h5>
    <div
      className="c0"
    >
      <svg
        aria-hidden={true}
        className="MuiSvgIcon-root FaceIcon-root-2"
        focusable="false"
        viewBox="0 0 24 24"
      >
        <path
          d="M9 11.75c-.69 0-1.25.56-1.25 1.25s.56 1.25 1.25 1.25 1.25-.56 1.25-1.25-.56-1.25-1.25-1.25zm6 0c-.69 0-1.25.56-1.25 1.25s.56 1.25 1.25 1.25 1.25-.56 1.25-1.25-.56-1.25-1.25-1.25zM12 2C6.48 2 2 6.48 2 12s4.48 10 10 10 10-4.48 10-10S17.52 2 12 2zm0 18c-4.41 0-8-3.59-8-8 0-.29.02-.58.05-.86 2.36-1.05 4.23-2.98 5.21-5.37C11.07 8.33 14.05 10 17.42 10c.78 0 1.53-.09 2.25-.26.21.71.33 1.47.33 2.26 0 4.41-3.59 8-8 8z"
        />
      </svg>
      <p
        className="MuiTypography-root MuiTypography-body2 MuiTypography-displayInline"
      >
        Test Last
      </p>
    </div>
    <div
      className="c0"
    >
      <svg
        aria-hidden={true}
        className="MuiSvgIcon-root MailOutlineIcon-root-3"
        focusable="false"
        viewBox="0 0 24 24"
      >
        <path
          d="M20 4H4c-1.1 0-1.99.9-1.99 2L2 18c0 1.1.9 2 2 2h16c1.1 0 2-.9 2-2V6c0-1.1-.9-2-2-2zm0 14H4V8l8 5 8-5v10zm-8-7L4 6h16l-8 5z"
        />
      </svg>
      <p
        className="MuiTypography-root MuiTypography-body2 MuiTypography-displayInline"
      >
        em@em
      </p>
    </div>
    <div
      className="c0"
    >
      <svg
        aria-hidden={true}
        className="MuiSvgIcon-root BeenhereIcon-root-4"
        focusable="false"
        viewBox="0 0 24 24"
      >
        <path
          d="M19 1H5c-1.1 0-1.99.9-1.99 2L3 15.93c0 .69.35 1.3.88 1.66L12 23l8.11-5.41c.53-.36.88-.97.88-1.66L21 3c0-1.1-.9-2-2-2zm-9 15l-5-5 1.41-1.41L10 13.17l7.59-7.59L19 7l-9 9z"
        />
      </svg>
      <p
        className="MuiTypography-root MuiTypography-body2 MuiTypography-displayInline"
      >
        component.user-intro.role-1
      </p>
    </div>
    <div
      className="c0"
    >
      <svg
        aria-hidden={true}
        className="MuiSvgIcon-root PersonAddIcon-root-5"
        focusable="false"
        viewBox="0 0 24 24"
      >
        <path
          d="M15 12c2.21 0 4-1.79 4-4s-1.79-4-4-4-4 1.79-4 4 1.79 4 4 4zm-9-2V7H4v3H1v2h3v3h2v-3h3v-2H6zm9 4c-2.67 0-8 1.34-8 4v2h16v-2c0-2.66-5.33-4-8-4z"
        />
      </svg>
      <p
        className="MuiTypography-root MuiTypography-body2 MuiTypography-displayInline"
      >
        component.user-intro.joined
      </p>
    </div>
  </div>
</div>
`;
