// Jest Snapshot v1, https://goo.gl/fbAQLP

exports[`RestaurantList basic example 1`] = `null`;
