// Jest Snapshot v1, https://goo.gl/fbAQLP

exports[`Divider basic example 1`] = `
<hr
  className="MuiDivider-root"
/>
`;
