// Jest Snapshot v1, https://goo.gl/fbAQLP

exports[`Typography basic example 1`] = `
<p
  className="MuiTypography-root MuiTypography-body1"
/>
`;
