// Jest Snapshot v1, https://goo.gl/fbAQLP

exports[`OwnedRestaurantList basic example 1`] = `null`;
