// Jest Snapshot v1, https://goo.gl/fbAQLP

exports[`ReviewPendingReplyList basic example 1`] = `null`;
